<?xml version="1.0" encoding="utf-8"?><testsuites name="pytest tests"><testsuite name="pytest" errors="0" failures="0" skipped="0" tests="27" time="6.698" timestamp="2026-09-01T19:20:29.662695+05:30" hostname="Raghavs-MacBook-Air-2.local"><testcase classname="framework.tests.api.test_project_validation" name="test_accepted_payloads_create_a_project[minimal]" time="0.011" /><testcase classname="framework.tests.api.test_project_validation" name="test_accepted_payloads_create_a_project[with members]" time="0.002" /><testcase classname="framework.tests.api.test_project_validation" name="test_accepted_payloads_create_a_project[unicode name]" time="0.002" /><testcase classname="framework.tests.api.test_project_validation" name="test_rejected_payloads_never_create_a_project[empty name]" time="0.001" /><testcase classname="framework.tests.api.test_project_validation" name="test_rejected_payloads_never_create_a_project[name over 200 chars]" time="0.001" /><testcase classname="framework.tests.api.test_project_validation" name="test_rejected_payloads_never_create_a_project[name missing]" time="0.001" /><testcase classname="framework.tests.api.test_project_validation" name="test_rejected_payloads_never_create_a_project[members not a list]" time="0.001" /><testcase classname="framework.tests.api.test_project_validation" name="test_rejected_payloads_never_create_a_project[unknown member email]" time="0.001" /><testcase classname="framework.tests.api.test_projects_api" name="test_created_project_shows_up_in_the_list" time="0.003" /><testcase classname="framework.tests.api.test_projects_api" name="test_call_without_tenant_header_is_refused" time="0.001" /><testcase classname="framework.tests.api.test_projects_api" name="test_creation_follows_the_role_matrix[admin-201]" time="0.002" /><testcase classname="framework.tests.api.test_projects_api" name="test_creation_follows_the_role_matrix[manager-201]" time="0.003" /><testcase classname="framework.tests.api.test_projects_api" name="test_creation_follows_the_role_matrix[employee-403]" time="0.002" /><testcase classname="framework.tests.integration.test_project_creation_flow" name="test_project_creation_flow[chromium]" time="3.019" /><testcase classname="framework.tests.integration.test_project_creation_flow" name="test_project_reads_on_each_handset[chromium-iPhone 15 / iOS 17]" time="0.431" /><testcase classname="framework.tests.web.test_login" name="test_every_role_lands_on_its_dashboard[chromium-admin]" time="0.442" /><testcase classname="framework.tests.web.test_login" name="test_wrong_password_keeps_the_user_on_login[chromium]" time="0.329" /><testcase classname="framework.tests.web.test_login" name="test_dashboard_is_usable_on_a_handset[chromium]" time="0.476" /><testcase classname="part1_flaky_login.test_login_fixed" name="test_admin_lands_on_dashboard[chromium]" time="0.399" /><testcase classname="part1_flaky_login.test_login_fixed" name="test_tenant_only_sees_its_own_projects[chromium]" time="1.170" /><testcase classname="framework.tests.security.test_tenant_isolation" name="test_other_tenant_cannot_read_the_project[admin]" time="0.006" /><testcase classname="framework.tests.security.test_tenant_isolation" name="test_other_tenant_cannot_read_the_project[employee]" time="0.004" /><testcase classname="framework.tests.security.test_tenant_isolation" name="test_other_tenant_cannot_delete_the_project" time="0.003" /><testcase classname="framework.tests.security.test_tenant_isolation" name="test_swapping_the_tenant_header_does_not_grant_access" time="0.003" /><testcase classname="framework.tests.security.test_tenant_isolation" name="test_project_list_never_mixes_tenants" time="0.003" /><testcase classname="framework.tests.web.test_login" name="test_every_role_lands_on_its_dashboard[chromium-manager]" time="0.125" /><testcase classname="framework.tests.web.test_login" name="test_every_role_lands_on_its_dashboard[chromium-employee]" time="0.179" /></testsuite></testsuites>